2017-09-19 09:53:14,050 Chain.py[line:82] INFO logging...........
